number of elements:  80
 0.100 0.200  0.022397
 0.100 0.300  0.016279
 0.100 0.400  0.008560
 0.500 0.200  0.161521
 0.500 0.300  0.117325
 0.500 0.400  0.061673
 0.900 0.200  0.590103
 0.900 0.300  0.428609
 0.900 0.400  0.225308
 
